==============================================================
 Calc3 verification  test=regress  BUG=3
==============================================================
[TEST] smoke: store/fetch all registers from all ports, basic ALU ops
[TEST] directed: overflow, underflow, shifts, branches, skip side-effects, invalid
[FAIL:wrong_data] cycle 386 #156 P1 T0 FETCH d1=R9 d2=R0 r1=R0 data=0x00000000 | exp resp=1 data=0x0000aaaa | got resp=1 data=0x00000bad
[FAIL:wrong_data] cycle 401 #162 P1 T2 FETCH d1=R9 d2=R0 r1=R0 data=0x00000000 | exp resp=1 data=0x0000c0de | got resp=1 data=0x00000002
[FAIL:wrong_data] cycle 453 #188 P1 T0 FETCH d1=R14 d2=R0 r1=R0 data=0x00000000 | exp resp=1 data=0x0000400e | got resp=1 data=0x00007777
[FAIL:wrong_data] cycle 533 #212 P2 T2 FETCH d1=R9 d2=R0 r1=R0 data=0x00000000 | exp resp=1 data=0x0000aaaa | got resp=1 data=0x00000bad
[FAIL:wrong_data] cycle 548 #218 P2 T0 FETCH d1=R9 d2=R0 r1=R0 data=0x00000000 | exp resp=1 data=0x0000c0de | got resp=1 data=0x00000002
[FAIL:wrong_data] cycle 600 #244 P2 T2 FETCH d1=R14 d2=R0 r1=R0 data=0x00000000 | exp resp=1 data=0x0000400e | got resp=1 data=0x00007777
[FAIL:wrong_data] cycle 680 #268 P3 T2 FETCH d1=R9 d2=R0 r1=R0 data=0x00000000 | exp resp=1 data=0x0000aaaa | got resp=1 data=0x00000bad
[FAIL:wrong_data] cycle 695 #274 P3 T0 FETCH d1=R9 d2=R0 r1=R0 data=0x00000000 | exp resp=1 data=0x0000c0de | got resp=1 data=0x00000002
[FAIL:wrong_data] cycle 747 #300 P3 T2 FETCH d1=R14 d2=R0 r1=R0 data=0x00000000 | exp resp=1 data=0x0000400e | got resp=1 data=0x00007777
[FAIL:wrong_data] cycle 827 #324 P4 T2 FETCH d1=R9 d2=R0 r1=R0 data=0x00000000 | exp resp=1 data=0x0000aaaa | got resp=1 data=0x00000bad
[FAIL:wrong_data] cycle 842 #330 P4 T0 FETCH d1=R9 d2=R0 r1=R0 data=0x00000000 | exp resp=1 data=0x0000c0de | got resp=1 data=0x00000002
[FAIL:wrong_data] cycle 894 #356 P4 T2 FETCH d1=R14 d2=R0 r1=R0 data=0x00000000 | exp resp=1 data=0x0000400e | got resp=1 data=0x00007777
[TEST] hazards: cross-port same-cycle RAW, back-to-back RAW, out-of-order tags
[TEST] random: 3000 constrained-random transactions
[FAIL:wrong_data] cycle 1237 #577 P3 T1 FETCH d1=R3 d2=R7 r1=R1 data=0x7bb9340e | exp resp=1 data=0x0000c303 | got resp=1 data=0x00180600
[FAIL:wrong_data] cycle 1272 #598 P4 T0 FETCH d1=R5 d2=R4 r1=R0 data=0x0000001a | exp resp=1 data=0x00000000 | got resp=1 data=0x00000001
[FAIL:wrong_data] cycle 1303 #663 P2 T3 FETCH d1=R5 d2=R2 r1=R9 data=0x00000016 | exp resp=1 data=0x00000000 | got resp=1 data=0x00000001
[FAIL:wrong_resp] cycle 1316 #642 P4 T0 STORE d1=R1 d2=R1 r1=R3 data=0xc9178924 | exp resp=3 data=0x00000000 | got resp=1 data=0x00000000
[FAIL:wrong_data] cycle 1326 #685 P1 T0 FETCH d1=R1 d2=R0 r1=R0 data=0x7b8d8843 | exp resp=1 data=0x00000000 | got resp=1 data=0x0000000f
[FAIL:wrong_data] cycle 1340 #684 P4 T1 FETCH d1=R6 d2=R14 r1=R15 data=0x0000000a | exp resp=1 data=0x7fffffeb | got resp=1 data=0xffffffd6
[FAIL:wrong_resp] cycle 1715 #1119 P3 T0 ADD d1=R15 d2=R12 r1=R11 data=0xdcf4e5ff | exp resp=2 data=0x00000000 | got resp=1 data=0x00000000
[FAIL:wrong_data] cycle 1729 #1110 P4 T2 FETCH d1=R11 d2=R3 r1=R15 data=0x00000000 | exp resp=1 data=0xc7f0d99a | got resp=1 data=0xa000002a
[FAIL:wrong_data] cycle 1742 #1118 P4 T0 FETCH d1=R12 d2=R4 r1=R10 data=0x13e9ba68 | exp resp=1 data=0x8ff222d4 | got resp=1 data=0x00000016
[FAIL:wrong_resp] cycle 1760 #1133 P4 T0 SUB d1=R3 d2=R0 r1=R0 data=0x80000000 | exp resp=3 data=0x00000000 | got resp=1 data=0x00000000
[FAIL:wrong_data] cycle 1774 #1150 P4 T1 FETCH d1=R3 d2=R2 r1=R1 data=0xf8f655b3 | exp resp=1 data=0xc7f0d99a | got resp=1 data=0x00000000
[FAIL:wrong_resp] cycle 1780 #1200 P2 T3 ADD d1=R0 d2=R5 r1=R5 data=0xb81d39ea | exp resp=2 data=0x00000000 | got resp=1 data=0x00000000
[FAIL:wrong_resp] cycle 1806 #1186 P4 T0 ADD d1=R15 d2=R11 r1=R0 data=0x0000000e | exp resp=2 data=0x00000000 | got resp=1 data=0x00000000
[FAIL] ... further failures counted but not printed
--------------------------------------------------------------
 checked=3538 pass=3400 fail=138  coverage=100.0%
 RESULT: FAIL
@@SUMMARY {"design":"calc3","test":"regress","bug":3,"checked":3538,"pass":3400,"fail":138,"spurious":0,"coverage":100.00,"cov":{ "cmd_x_port":[32,32],"tag_x_port":[16,16],"registers_rd_wr":[32,32],"branch_taken_not":[4,4],"skipped_cmd_kind":[8,8],"outstanding_depth":[16,16],"out_of_order_x_port":[4,4],"hazard_cross_port":[1,1],"hazard_back_to_back":[1,1],"ovf_unf_x_port":[8,8],"invalid_cmd":[1,1]},"fail_kinds":{"wrong_data":85,"wrong_resp":53},"fail_cmds":{"ADD":19,"FETCH":87,"SHL":2,"SHR":2,"STORE":3,"SUB":25},"first_fail":"[FAIL:wrong_data] cycle 386 #156 P1 T0 FETCH d1=R9 d2=R0 r1=R0 data=0x00000000 | exp resp=1 data=0x0000aaaa | got resp=1 data=0x00000bad"}
- tb/calc3/calc3_tb_top.sv:69: Verilog $finish
- S i m u l a t i o n   R e p o r t: Verilator 5.052 2026-09-05
- Verilator: $finish at 170us; walltime 99.240 s; speed 1.709 us/s
- Verilator: cpu 2.048 s on 1 threads; allocated 5 MB
