==============================================================
 Calc3 verification  test=regress  BUG=4
==============================================================
[TEST] smoke: store/fetch all registers from all ports, basic ALU ops
[FAIL:wrong_data] cycle 308 #135 P1 T3 FETCH d1=R5 d2=R0 r1=R0 data=0x00000000 | exp resp=1 data=0x00000320 | got resp=1 data=0x00000064
[FAIL:wrong_data] cycle 316 #137 P1 T1 FETCH d1=R6 d2=R0 r1=R0 data=0x00000000 | exp resp=1 data=0x00000000 | got resp=1 data=0x00000006
[TEST] directed: overflow, underflow, shifts, branches, skip side-effects, invalid
[FAIL:wrong_data] cycle 349 #146 P1 T2 FETCH d1=R5 d2=R0 r1=R0 data=0x00000000 | exp resp=1 data=0x00000320 | got resp=1 data=0x00000064
[FAIL:wrong_data] cycle 364 #150 P1 T2 FETCH d1=R7 d2=R0 r1=R0 data=0x00000000 | exp resp=1 data=0x00000002 | got resp=1 data=0x00000010
[FAIL:wrong_data] cycle 372 #152 P1 T0 FETCH d1=R8 d2=R0 r1=R0 data=0x00000000 | exp resp=1 data=0x40000000 | got resp=1 data=0x08000000
[FAIL:wrong_data] cycle 496 #202 P2 T0 FETCH d1=R5 d2=R0 r1=R0 data=0x00000000 | exp resp=1 data=0x00000320 | got resp=1 data=0x00000064
[FAIL:wrong_data] cycle 511 #206 P2 T0 FETCH d1=R7 d2=R0 r1=R0 data=0x00000000 | exp resp=1 data=0x00000002 | got resp=1 data=0x00000010
[FAIL:wrong_data] cycle 519 #208 P2 T2 FETCH d1=R8 d2=R0 r1=R0 data=0x00000000 | exp resp=1 data=0x40000000 | got resp=1 data=0x08000000
[FAIL:wrong_data] cycle 643 #258 P3 T0 FETCH d1=R5 d2=R0 r1=R0 data=0x00000000 | exp resp=1 data=0x00000320 | got resp=1 data=0x00000064
[FAIL:wrong_data] cycle 658 #262 P3 T0 FETCH d1=R7 d2=R0 r1=R0 data=0x00000000 | exp resp=1 data=0x00000002 | got resp=1 data=0x00000010
[FAIL:wrong_data] cycle 666 #264 P3 T2 FETCH d1=R8 d2=R0 r1=R0 data=0x00000000 | exp resp=1 data=0x40000000 | got resp=1 data=0x08000000
[FAIL:wrong_data] cycle 790 #314 P4 T0 FETCH d1=R5 d2=R0 r1=R0 data=0x00000000 | exp resp=1 data=0x00000320 | got resp=1 data=0x00000064
[FAIL:wrong_data] cycle 805 #318 P4 T0 FETCH d1=R7 d2=R0 r1=R0 data=0x00000000 | exp resp=1 data=0x00000002 | got resp=1 data=0x00000010
[FAIL:wrong_data] cycle 813 #320 P4 T2 FETCH d1=R8 d2=R0 r1=R0 data=0x00000000 | exp resp=1 data=0x40000000 | got resp=1 data=0x08000000
[TEST] hazards: cross-port same-cycle RAW, back-to-back RAW, out-of-order tags
[TEST] random: 3000 constrained-random transactions
[FAIL:wrong_data] cycle 1261 #560 P4 T1 FETCH d1=R3 d2=R0 r1=R5 data=0x92882cb7 | exp resp=1 data=0xc3c00000 | got resp=1 data=0x861e0000
[FAIL:wrong_data] cycle 1273 #566 P4 T2 FETCH d1=R3 d2=R5 r1=R4 data=0xb00bbe32 | exp resp=1 data=0x61878018 | got resp=1 data=0x61879860
[FAIL:wrong_data] cycle 1276 #568 P4 T1 FETCH d1=R8 d2=R9 r1=R1 data=0x00000000 | exp resp=1 data=0x00000001 | got resp=1 data=0x30c3c000
[FAIL:wrong_data] cycle 1280 #605 P1 T1 FETCH d1=R0 d2=R3 r1=R0 data=0x80000000 | exp resp=1 data=0x00000018 | got resp=1 data=0x00001248
[FAIL:wrong_data] cycle 1281 #609 P3 T0 FETCH d1=R1 d2=R7 r1=R5 data=0x00000004 | exp resp=1 data=0x00000000 | got resp=1 data=0x00000618
[FAIL:wrong_data] cycle 1296 #587 P4 T0 FETCH d1=R6 d2=R2 r1=R5 data=0x00000012 | exp resp=1 data=0x88347d88 | got resp=1 data=0x883495d0
[FAIL:wrong_data] cycle 1298 #590 P4 T2 FETCH d1=R2 d2=R0 r1=R3 data=0x9ca681a4 | exp resp=1 data=0x00000018 | got resp=1 data=0x00001860
[FAIL:wrong_data] cycle 1300 #620 P2 T3 FETCH d1=R2 d2=R2 r1=R2 data=0x00000009 | exp resp=1 data=0x00000018 | got resp=1 data=0x00001860
[FAIL:wrong_resp] cycle 1304 #621 P1 T0 ADD d1=R0 d2=R1 r1=R1 data=0x00000010 | exp resp=3 data=0x00000000 | got resp=1 data=0x00000000
[FAIL:wrong_data] cycle 1361 #700 P2 T0 FETCH d1=R1 d2=R2 r1=R5 data=0x0000001b | exp resp=1 data=0x0000003c | got resp=1 data=0x3c6290fa
[FAIL:wrong_data] cycle 1370 #703 P1 T3 FETCH d1=R2 d2=R1 r1=R0 data=0x00000014 | exp resp=1 data=0x00000000 | got resp=1 data=0x1e31487d
[FAIL] ... further failures counted but not printed
--------------------------------------------------------------
 checked=3538 pass=3185 fail=353  coverage=100.0%
 RESULT: FAIL
@@SUMMARY {"design":"calc3","test":"regress","bug":4,"checked":3538,"pass":3185,"fail":353,"spurious":0,"coverage":100.00,"cov":{ "cmd_x_port":[32,32],"tag_x_port":[16,16],"registers_rd_wr":[32,32],"branch_taken_not":[4,4],"skipped_cmd_kind":[8,8],"outstanding_depth":[16,16],"out_of_order_x_port":[4,4],"hazard_cross_port":[1,1],"hazard_back_to_back":[1,1],"ovf_unf_x_port":[8,8],"invalid_cmd":[1,1]},"fail_kinds":{"wrong_data":224,"wrong_resp":129},"fail_cmds":{"ADD":54,"BE":3,"BZ":2,"FETCH":229,"SHL":1,"SHR":2,"STORE":3,"SUB":59},"first_fail":"[FAIL:wrong_data] cycle 308 #135 P1 T3 FETCH d1=R5 d2=R0 r1=R0 data=0x00000000 | exp resp=1 data=0x00000320 | got resp=1 data=0x00000064"}
- tb/calc3/calc3_tb_top.sv:69: Verilog $finish
- S i m u l a t i o n   R e p o r t: Verilator 5.052 2026-09-05
- Verilator: $finish at 168us; walltime 98.945 s; speed 1.701 us/s
- Verilator: cpu 2.237 s on 1 threads; allocated 5 MB
