==============================================================
 Calc3 verification  test=regress  BUG=6
==============================================================
[TEST] smoke: store/fetch all registers from all ports, basic ALU ops
[FAIL:wrong_data] cycle 206 #95 P3 T3 FETCH d1=R15 d2=R0 r1=R0 data=0x00000000 | exp resp=1 data=0x0000300f | got resp=1 data=0x0000200f
[TEST] directed: overflow, underflow, shifts, branches, skip side-effects, invalid
[FAIL:wrong_data] cycle 751 #302 P3 T0 FETCH d1=R15 d2=R0 r1=R0 data=0x00000000 | exp resp=1 data=0xf00d0003 | got resp=1 data=0xf00d0002
[TEST] hazards: cross-port same-cycle RAW, back-to-back RAW, out-of-order tags
[FAIL:wrong_data] cycle 1204 #517 P3 T3 FETCH d1=R15 d2=R0 r1=R0 data=0x00000000 | exp resp=1 data=0x0000c30f | got resp=1 data=0x00005a0f
[FAIL:wrong_data] cycle 1204 #519 P4 T1 FETCH d1=R15 d2=R0 r1=R0 data=0x00000000 | exp resp=1 data=0x0000c30f | got resp=1 data=0x00005a0f
[FAIL:wrong_data] cycle 1207 #521 P4 T2 FETCH d1=R0 d2=R0 r1=R0 data=0x00000000 | exp resp=1 data=0x61878000 | got resp=1 data=0x2d078000
[TEST] random: 3000 constrained-random transactions
[FAIL:wrong_data] cycle 1231 #569 P2 T1 FETCH d1=R1 d2=R3 r1=R4 data=0xffffffff | exp resp=1 data=0x0001861e | got resp=1 data=0x0000b41e
[FAIL:wrong_data] cycle 1261 #560 P4 T1 FETCH d1=R3 d2=R0 r1=R5 data=0x92882cb7 | exp resp=1 data=0xc3c00000 | got resp=1 data=0x83c00000
[FAIL:wrong_data] cycle 1273 #566 P4 T2 FETCH d1=R3 d2=R5 r1=R4 data=0xb00bbe32 | exp resp=1 data=0x61878018 | got resp=1 data=0x2d078018
[FAIL:wrong_data] cycle 1276 #568 P4 T1 FETCH d1=R8 d2=R9 r1=R1 data=0x00000000 | exp resp=1 data=0x00000001 | got resp=1 data=0x00000000
[FAIL:wrong_data] cycle 1294 #584 P4 T2 FETCH d1=R15 d2=R3 r1=R8 data=0x00000019 | exp resp=1 data=0x00000006 | got resp=1 data=0x9321f7e1
[FAIL:wrong_data] cycle 1322 #613 P4 T1 FETCH d1=R4 d2=R5 r1=R2 data=0x80000000 | exp resp=1 data=0xf18a43eb | got resp=1 data=0xf0b843eb
[FAIL:wrong_data] cycle 1374 #717 P2 T3 FETCH d1=R4 d2=R1 r1=R6 data=0x00000014 | exp resp=1 data=0xf18a43eb | got resp=1 data=0xf0b843eb
[FAIL:wrong_resp] cycle 2318 #1619 P4 T2 ADD d1=R15 d2=R2 r1=R1 data=0x641cc00d | exp resp=2 data=0x00000000 | got resp=1 data=0x00000000
--------------------------------------------------------------
 checked=3538 pass=3525 fail=13  coverage=100.0%
 RESULT: FAIL
@@SUMMARY {"design":"calc3","test":"regress","bug":6,"checked":3538,"pass":3525,"fail":13,"spurious":0,"coverage":100.00,"cov":{ "cmd_x_port":[32,32],"tag_x_port":[16,16],"registers_rd_wr":[32,32],"branch_taken_not":[4,4],"skipped_cmd_kind":[8,8],"outstanding_depth":[16,16],"out_of_order_x_port":[4,4],"hazard_cross_port":[1,1],"hazard_back_to_back":[1,1],"ovf_unf_x_port":[8,8],"invalid_cmd":[1,1]},"fail_kinds":{"wrong_data":12,"wrong_resp":1},"fail_cmds":{"ADD":1,"FETCH":12},"first_fail":"[FAIL:wrong_data] cycle 206 #95 P3 T3 FETCH d1=R15 d2=R0 r1=R0 data=0x00000000 | exp resp=1 data=0x0000300f | got resp=1 data=0x0000200f"}
- tb/calc3/calc3_tb_top.sv:69: Verilog $finish
- S i m u l a t i o n   R e p o r t: Verilator 5.052 2026-09-05
- Verilator: $finish at 168us; walltime 101.040 s; speed 1.666 us/s
- Verilator: cpu 2.349 s on 1 threads; allocated 5 MB
