==============================================================
 Calc3 verification  test=regress  BUG=5
==============================================================
[TEST] smoke: store/fetch all registers from all ports, basic ALU ops
[TEST] directed: overflow, underflow, shifts, branches, skip side-effects, invalid
[FAIL:wrong_resp] cycle 787 #313 P4 T3 SUB d1=R0 d2=R1 r1=R5 data=0x00000000 | exp resp=2 data=0x00000000 | got resp=1 data=0x00000000
[FAIL:wrong_data] cycle 790 #314 P4 T0 FETCH d1=R5 d2=R0 r1=R0 data=0x00000000 | exp resp=1 data=0x00000320 | got resp=1 data=0xffffffff
[TEST] hazards: cross-port same-cycle RAW, back-to-back RAW, out-of-order tags
[TEST] random: 3000 constrained-random transactions
[FAIL:wrong_data] cycle 1298 #590 P4 T2 FETCH d1=R2 d2=R0 r1=R3 data=0x9ca681a4 | exp resp=1 data=0x00000018 | got resp=1 data=0x668d915f
[FAIL:wrong_resp] cycle 1299 #589 P4 T3 SUB d1=R1 d2=R0 r1=R2 data=0xe477d317 | exp resp=2 data=0x00000000 | got resp=1 data=0x00000000
[FAIL:wrong_data] cycle 1300 #620 P2 T3 FETCH d1=R2 d2=R2 r1=R2 data=0x00000009 | exp resp=1 data=0x00000018 | got resp=1 data=0x668d915f
[FAIL:wrong_data] cycle 1302 #643 P3 T3 FETCH d1=R0 d2=R2 r1=R3 data=0x94ffaee0 | exp resp=1 data=0x88354077 | got resp=1 data=0x21a7af30
[FAIL:wrong_data] cycle 1304 #623 P2 T0 FETCH d1=R0 d2=R6 r1=R4 data=0x9c3f71a4 | exp resp=1 data=0x88354077 | got resp=1 data=0x21a7af30
[FAIL:wrong_resp] cycle 1428 #757 P4 T0 SUB d1=R3 d2=R0 r1=R2 data=0x00000009 | exp resp=2 data=0x00000000 | got resp=1 data=0x00000000
[FAIL:wrong_resp] cycle 1435 #819 P2 T3 SUB d1=R3 d2=R2 r1=R6 data=0x0000001f | exp resp=1 data=0x00000000 | got resp=2 data=0x00000000
[FAIL:wrong_resp] cycle 1437 #765 P4 T0 ADD d1=R1 d2=R3 r1=R10 data=0xc15e25ec | exp resp=1 data=0x00000000 | got resp=2 data=0x00000000
[FAIL:wrong_resp] cycle 1454 #788 P4 T3 SUB d1=R6 d2=R0 r1=R1 data=0xffffffff | exp resp=2 data=0x00000000 | got resp=1 data=0x00000000
[FAIL:wrong_resp] cycle 1500 #836 P4 T1 SUB d1=R1 d2=R12 r1=R6 data=0x7ad159f8 | exp resp=2 data=0x00000000 | got resp=1 data=0x00000000
[FAIL:wrong_resp] cycle 1568 #911 P4 T2 SUB d1=R0 d2=R6 r1=R0 data=0x97a4d556 | exp resp=2 data=0x00000000 | got resp=1 data=0x00000000
[FAIL:wrong_data] cycle 1569 #917 P4 T3 FETCH d1=R11 d2=R11 r1=R0 data=0x80000000 | exp resp=1 data=0xbf2f749e | got resp=1 data=0x8000001e
[FAIL:wrong_resp] cycle 1581 #925 P4 T1 SUB d1=R7 d2=R6 r1=R3 data=0x0000001a | exp resp=2 data=0x00000000 | got resp=1 data=0x00000000
[FAIL:wrong_data] cycle 1613 #996 P3 T0 FETCH d1=R9 d2=R8 r1=R11 data=0xffffffff | exp resp=1 data=0xbf2f7480 | got resp=1 data=0x80000000
[FAIL:wrong_data] cycle 1712 #1092 P1 T0 FETCH d1=R0 d2=R0 r1=R1 data=0x6366f864 | exp resp=1 data=0x00000000 | got resp=1 data=0x6f25228e
[FAIL:wrong_resp] cycle 1713 #1065 P4 T1 SUB d1=R2 d2=R1 r1=R0 data=0x00000000 | exp resp=2 data=0x00000000 | got resp=1 data=0x00000000
[FAIL:wrong_resp] cycle 1789 #1132 P4 T0 SUB d1=R0 d2=R2 r1=R0 data=0x5c3c593b | exp resp=2 data=0x00000000 | got resp=1 data=0x00000000
[FAIL:wrong_resp] cycle 1879 #1215 P4 T0 SUB d1=R14 d2=R13 r1=R0 data=0x00000018 | exp resp=2 data=0x00000000 | got resp=1 data=0x00000000
[FAIL:wrong_data] cycle 1889 #1221 P4 T2 FETCH d1=R0 d2=R7 r1=R1 data=0x00000006 | exp resp=1 data=0x0000542b | got resp=1 data=0x61eddab1
[FAIL:wrong_data] cycle 1896 #1263 P3 T0 FETCH d1=R1 d2=R0 r1=R0 data=0x0000001a | exp resp=1 data=0x00005417 | got resp=1 data=0x61edda9d
[FAIL:wrong_data] cycle 1900 #1266 P2 T2 FETCH d1=R2 d2=R4 r1=R3 data=0x0000000d | exp resp=1 data=0x0000542b | got resp=1 data=0x61eddab1
[FAIL:wrong_data] cycle 1902 #1229 P4 T0 FETCH d1=R0 d2=R1 r1=R0 data=0x00000000 | exp resp=1 data=0x00005446 | got resp=1 data=0x61eddacc
[FAIL:wrong_resp] cycle 1913 #1278 P1 T3 ADD d1=R3 d2=R0 r1=R0 data=0x318fa6d9 | exp resp=1 data=0x00000000 | got resp=2 data=0x00000000
[FAIL] ... further failures counted but not printed
--------------------------------------------------------------
 checked=3538 pass=3328 fail=210  coverage=100.0%
 RESULT: FAIL
@@SUMMARY {"design":"calc3","test":"regress","bug":5,"checked":3538,"pass":3328,"fail":210,"spurious":0,"coverage":100.00,"cov":{ "cmd_x_port":[32,32],"tag_x_port":[16,16],"registers_rd_wr":[32,32],"branch_taken_not":[4,4],"skipped_cmd_kind":[8,8],"outstanding_depth":[16,16],"out_of_order_x_port":[4,4],"hazard_cross_port":[1,1],"hazard_back_to_back":[1,1],"ovf_unf_x_port":[8,8],"invalid_cmd":[1,1]},"fail_kinds":{"wrong_data":92,"wrong_resp":118},"fail_cmds":{"ADD":27,"BE":1,"FETCH":92,"SHL":1,"SHR":2,"SUB":87},"first_fail":"[FAIL:wrong_resp] cycle 787 #313 P4 T3 SUB d1=R0 d2=R1 r1=R5 data=0x00000000 | exp resp=2 data=0x00000000 | got resp=1 data=0x00000000"}
- tb/calc3/calc3_tb_top.sv:69: Verilog $finish
- S i m u l a t i o n   R e p o r t: Verilator 5.052 2026-09-05
- Verilator: $finish at 168us; walltime 99.759 s; speed 1.688 us/s
- Verilator: cpu 2.107 s on 1 threads; allocated 5 MB
