==============================================================
 Calc3 verification  test=regress  BUG=2
==============================================================
[TEST] smoke: store/fetch all registers from all ports, basic ALU ops
[TEST] directed: overflow, underflow, shifts, branches, skip side-effects, invalid
[TEST] hazards: cross-port same-cycle RAW, back-to-back RAW, out-of-order tags
[FAIL:wrong_data] cycle 911 #363 P2 T0 FETCH d1=R0 d2=R0 r1=R0 data=0x00000000 | exp resp=1 data=0x00005a00 | got resp=1 data=0x00000000
[FAIL:wrong_data] cycle 911 #364 P3 T0 FETCH d1=R0 d2=R0 r1=R0 data=0x00000000 | exp resp=1 data=0x00005a00 | got resp=1 data=0x00000000
[FAIL:wrong_data] cycle 911 #365 P4 T0 FETCH d1=R0 d2=R0 r1=R0 data=0x00000000 | exp resp=1 data=0x00005a00 | got resp=1 data=0x00000000
[FAIL:wrong_data] cycle 921 #371 P4 T0 FETCH d1=R1 d2=R0 r1=R0 data=0x00000000 | exp resp=1 data=0x0000c300 | got resp=1 data=0x00005a00
[FAIL:wrong_data] cycle 930 #373 P2 T1 FETCH d1=R1 d2=R0 r1=R0 data=0x00000000 | exp resp=1 data=0x00005a01 | got resp=1 data=0x00005a00
[FAIL:wrong_data] cycle 930 #374 P3 T3 FETCH d1=R1 d2=R0 r1=R0 data=0x00000000 | exp resp=1 data=0x00005a01 | got resp=1 data=0x00005a00
[FAIL:wrong_data] cycle 930 #375 P4 T2 FETCH d1=R1 d2=R0 r1=R0 data=0x00000000 | exp resp=1 data=0x00005a01 | got resp=1 data=0x00005a00
[FAIL:wrong_data] cycle 941 #381 P4 T2 FETCH d1=R2 d2=R0 r1=R0 data=0x00000000 | exp resp=1 data=0x00018602 | got resp=1 data=0x0000b402
[FAIL:wrong_data] cycle 949 #383 P2 T2 FETCH d1=R2 d2=R0 r1=R0 data=0x00000000 | exp resp=1 data=0x00005a02 | got resp=1 data=0x0000b402
[FAIL:wrong_data] cycle 949 #384 P3 T2 FETCH d1=R2 d2=R0 r1=R0 data=0x00000000 | exp resp=1 data=0x00005a02 | got resp=1 data=0x0000b402
[FAIL:wrong_data] cycle 949 #385 P4 T1 FETCH d1=R2 d2=R0 r1=R0 data=0x00000000 | exp resp=1 data=0x00005a02 | got resp=1 data=0x0000b402
[FAIL:wrong_data] cycle 960 #391 P4 T1 FETCH d1=R3 d2=R0 r1=R0 data=0x00000000 | exp resp=1 data=0x00030c08 | got resp=1 data=0x00016808
[FAIL:wrong_data] cycle 968 #393 P2 T3 FETCH d1=R3 d2=R0 r1=R0 data=0x00000000 | exp resp=1 data=0x00005a03 | got resp=1 data=0x00016808
[FAIL:wrong_data] cycle 968 #394 P3 T1 FETCH d1=R3 d2=R0 r1=R0 data=0x00000000 | exp resp=1 data=0x00005a03 | got resp=1 data=0x00016808
[FAIL:wrong_data] cycle 968 #395 P4 T2 FETCH d1=R3 d2=R0 r1=R0 data=0x00000000 | exp resp=1 data=0x00005a03 | got resp=1 data=0x00016808
[FAIL:wrong_data] cycle 979 #401 P4 T2 FETCH d1=R4 d2=R0 r1=R0 data=0x00000000 | exp resp=1 data=0x00061818 | got resp=1 data=0x0002d018
[FAIL:wrong_data] cycle 987 #403 P2 T0 FETCH d1=R4 d2=R0 r1=R0 data=0x00000000 | exp resp=1 data=0x00005a04 | got resp=1 data=0x0002d018
[FAIL:wrong_data] cycle 987 #404 P3 T0 FETCH d1=R4 d2=R0 r1=R0 data=0x00000000 | exp resp=1 data=0x00005a04 | got resp=1 data=0x0002d018
[FAIL:wrong_data] cycle 987 #405 P4 T1 FETCH d1=R4 d2=R0 r1=R0 data=0x00000000 | exp resp=1 data=0x00005a04 | got resp=1 data=0x0002d018
[FAIL:wrong_data] cycle 998 #411 P4 T1 FETCH d1=R5 d2=R0 r1=R0 data=0x00000000 | exp resp=1 data=0x000c3040 | got resp=1 data=0x0005a040
[FAIL:wrong_data] cycle 1006 #413 P2 T1 FETCH d1=R5 d2=R0 r1=R0 data=0x00000000 | exp resp=1 data=0x00005a05 | got resp=1 data=0x0005a040
[FAIL:wrong_data] cycle 1006 #414 P3 T3 FETCH d1=R5 d2=R0 r1=R0 data=0x00000000 | exp resp=1 data=0x00005a05 | got resp=1 data=0x0005a040
[FAIL:wrong_data] cycle 1006 #415 P4 T2 FETCH d1=R5 d2=R0 r1=R0 data=0x00000000 | exp resp=1 data=0x00005a05 | got resp=1 data=0x0005a040
[FAIL:wrong_data] cycle 1017 #421 P4 T2 FETCH d1=R6 d2=R0 r1=R0 data=0x00000000 | exp resp=1 data=0x001860a0 | got resp=1 data=0x000b40a0
[FAIL:wrong_data] cycle 1025 #423 P2 T2 FETCH d1=R6 d2=R0 r1=R0 data=0x00000000 | exp resp=1 data=0x00005a06 | got resp=1 data=0x000b40a0
[FAIL] ... further failures counted but not printed
[TEST] random: 3000 constrained-random transactions
--------------------------------------------------------------
 checked=3538 pass=3360 fail=178  coverage=100.0%
 RESULT: FAIL
@@SUMMARY {"design":"calc3","test":"regress","bug":2,"checked":3538,"pass":3360,"fail":178,"spurious":0,"coverage":100.00,"cov":{ "cmd_x_port":[32,32],"tag_x_port":[16,16],"registers_rd_wr":[32,32],"branch_taken_not":[4,4],"skipped_cmd_kind":[8,8],"outstanding_depth":[16,16],"out_of_order_x_port":[4,4],"hazard_cross_port":[1,1],"hazard_back_to_back":[1,1],"ovf_unf_x_port":[8,8],"invalid_cmd":[1,1]},"fail_kinds":{"wrong_data":144,"wrong_resp":34},"fail_cmds":{"ADD":11,"FETCH":145,"SHL":1,"SHR":2,"STORE":2,"SUB":17},"first_fail":"[FAIL:wrong_data] cycle 911 #363 P2 T0 FETCH d1=R0 d2=R0 r1=R0 data=0x00000000 | exp resp=1 data=0x00005a00 | got resp=1 data=0x00000000"}
- tb/calc3/calc3_tb_top.sv:69: Verilog $finish
- S i m u l a t i o n   R e p o r t: Verilator 5.052 2026-09-05
- Verilator: $finish at 168us; walltime 100.246 s; speed 1.679 us/s
- Verilator: cpu 2.203 s on 1 threads; allocated 5 MB
