==============================================================
 Calc3 verification  test=regress  BUG=6
==============================================================
[TEST] smoke: store/fetch all registers from all ports, basic ALU ops
[FAIL:wrong_data] cycle 206 #95 P3 T3 FETCH d1=R15 d2=R0 r1=R0 data=0x00000000 | exp resp=1 data=0x0000300f | got resp=1 data=0x0000200f
[TEST] directed: overflow, underflow, shifts, branches, skip side-effects, invalid
[FAIL:wrong_data] cycle 751 #302 P3 T0 FETCH d1=R15 d2=R0 r1=R0 data=0x00000000 | exp resp=1 data=0xf00d0003 | got resp=1 data=0xf00d0002
[TEST] hazards: cross-port same-cycle RAW, back-to-back RAW, out-of-order tags
[FAIL:wrong_data] cycle 1204 #517 P3 T3 FETCH d1=R15 d2=R0 r1=R0 data=0x00000000 | exp resp=1 data=0x0000c30f | got resp=1 data=0x00005a0f
[FAIL:wrong_data] cycle 1204 #519 P4 T1 FETCH d1=R15 d2=R0 r1=R0 data=0x00000000 | exp resp=1 data=0x0000c30f | got resp=1 data=0x00005a0f
[FAIL:wrong_data] cycle 1207 #521 P4 T2 FETCH d1=R0 d2=R0 r1=R0 data=0x00000000 | exp resp=1 data=0x61878000 | got resp=1 data=0x2d078000
[TEST] random: 3000 constrained-random transactions
[FAIL:wrong_data] cycle 1231 #548 P2 T3 FETCH d1=R3 d2=R3 r1=R0 data=0xc56fcc00 | exp resp=1 data=0x00024921 | got resp=1 data=0x00017721
[FAIL:wrong_data] cycle 1231 #551 P3 T2 FETCH d1=R1 d2=R2 r1=R0 data=0x00000000 | exp resp=1 data=0x0001861e | got resp=1 data=0x0000b41e
[FAIL:wrong_data] cycle 1271 #614 P1 T1 FETCH d1=R9 d2=R8 r1=R7 data=0xd379ed72 | exp resp=1 data=0x639e324d | got resp=1 data=0x639e324e
[FAIL:wrong_resp] cycle 1296 #647 P3 T3 SUB d1=R6 d2=R7 r1=R4 data=0x2b0f300f | exp resp=1 data=0x00000000 | got resp=3 data=0x00000000
[FAIL:wrong_data] cycle 1301 #609 P4 T2 FETCH d1=R4 d2=R5 r1=R1 data=0xc6d7aad3 | exp resp=1 data=0x0000c307 | got resp=1 data=0x00001200
[FAIL:wrong_data] cycle 1337 #658 P4 T3 FETCH d1=R3 d2=R0 r1=R3 data=0x8ff46fb4 | exp resp=1 data=0x55ccbf29 | got resp=1 data=0x55cd7030
[FAIL:wrong_data] cycle 1339 #710 P2 T3 FETCH d1=R3 d2=R7 r1=R3 data=0xffffffff | exp resp=1 data=0x55ccbf29 | got resp=1 data=0x55cd7030
[FAIL:wrong_data] cycle 3322 #2701 P1 T3 FETCH d1=R15 d2=R10 r1=R5 data=0x00000016 | exp resp=1 data=0x00000004 | got resp=1 data=0x00000000
[FAIL:wrong_data] cycle 3356 #2710 P1 T1 FETCH d1=R10 d2=R12 r1=R5 data=0xd8f8325b | exp resp=1 data=0x00000000 | got resp=1 data=0x00000003
[FAIL:wrong_data] cycle 3363 #2723 P1 T2 FETCH d1=R4 d2=R7 r1=R2 data=0x00000000 | exp resp=1 data=0x0be5513a | got resp=1 data=0xbe5513ad
[FAIL:wrong_resp] cycle 3379 #2697 P4 T0 ADD d1=R4 d2=R6 r1=R6 data=0xa1e816fd | exp resp=1 data=0x00000000 | got resp=2 data=0x00000000
[FAIL:wrong_data] cycle 3441 #2791 P1 T2 FETCH d1=R6 d2=R0 r1=R1 data=0x5ae9a7f4 | exp resp=1 data=0x000009e7 | got resp=1 data=0x00001d7f
[FAIL:wrong_data] cycle 3474 #2800 P4 T0 FETCH d1=R6 d2=R13 r1=R1 data=0x63a5d3fc | exp resp=1 data=0x005e537e | got resp=1 data=0x00692b5f
[FAIL:wrong_data] cycle 3479 #2805 P4 T2 FETCH d1=R1 d2=R0 r1=R1 data=0xfc23de87 | exp resp=1 data=0xbca6fc26 | got resp=1 data=0xd256be99
[FAIL:wrong_data] cycle 3481 #2849 P2 T0 FETCH d1=R6 d2=R6 r1=R1 data=0x0000001a | exp resp=1 data=0x005e537e | got resp=1 data=0x00692b5f
[FAIL:wrong_resp] cycle 3482 #2853 P1 T3 SUB d1=R2 d2=R15 r1=R2 data=0x27341013 | exp resp=2 data=0x00000000 | got resp=1 data=0x00000000
[FAIL:wrong_resp] cycle 3484 #2806 P4 T0 SUB d1=R7 d2=R12 r1=R8 data=0x90eb37b4 | exp resp=1 data=0x00000000 | got resp=2 data=0x00000000
[FAIL:wrong_data] cycle 3508 #2839 P4 T2 FETCH d1=R5 d2=R0 r1=R2 data=0x00000000 | exp resp=1 data=0x5ca9053c | got resp=1 data=0x6bb91809
[FAIL:wrong_data] cycle 3526 #2880 P1 T3 FETCH d1=R2 d2=R1 r1=R1 data=0x00000015 | exp resp=1 data=0x5ea7b9f4 | got resp=1 data=0x5ebd69b6
[FAIL:wrong_data] cycle 3554 #2914 P1 T2 FETCH d1=R9 d2=R11 r1=R10 data=0x00000000 | exp resp=1 data=0x017caa27 | got resp=1 data=0x17caa275
[FAIL] ... further failures counted but not printed
--------------------------------------------------------------
 checked=3538 pass=3491 fail=47  coverage=100.0%
 RESULT: FAIL
@@SUMMARY {"design":"calc3","test":"regress","bug":6,"checked":3538,"pass":3491,"fail":47,"spurious":0,"coverage":100.00,"cov":{ "cmd_x_port":[32,32],"tag_x_port":[16,16],"registers_rd_wr":[32,32],"branch_taken_not":[4,4],"skipped_cmd_kind":[8,8],"outstanding_depth":[16,16],"out_of_order_x_port":[4,4],"hazard_cross_port":[1,1],"hazard_back_to_back":[1,1],"ovf_unf_x_port":[8,8],"invalid_cmd":[1,1]},"fail_kinds":{"wrong_data":37,"wrong_resp":10},"fail_cmds":{"ADD":4,"BE":1,"FETCH":37,"SHR":1,"SUB":4},"first_fail":"[FAIL:wrong_data] cycle 206 #95 P3 T3 FETCH d1=R15 d2=R0 r1=R0 data=0x00000000 | exp resp=1 data=0x0000300f | got resp=1 data=0x0000200f"}
- tb/calc3/calc3_tb_top.sv:69: Verilog $finish
- S i m u l a t i o n   R e p o r t: Verilator 5.052 2026-09-05
- Verilator: $finish at 168us; walltime 100.434 s; speed 1.676 us/s
- Verilator: cpu 2.486 s on 1 threads; allocated 5 MB
