==============================================================
 Calc3 verification  test=regress  BUG=7
==============================================================
[TEST] smoke: store/fetch all registers from all ports, basic ALU ops
[TEST] directed: overflow, underflow, shifts, branches, skip side-effects, invalid
[FAIL:wrong_resp] cycle 409 #166 P1 T2 STORE d1=R0 d2=R0 r1=R12 data=0x0000600d | exp resp=1 data=0x00000000 | got resp=3 data=0x00000000
[FAIL:wrong_data] cycle 411 #167 P1 T3 FETCH d1=R12 d2=R0 r1=R0 data=0x00000000 | exp resp=1 data=0x0000600d | got resp=1 data=0x0000400c
[FAIL:wrong_resp] cycle 556 #222 P2 T0 STORE d1=R0 d2=R0 r1=R12 data=0x0000600d | exp resp=1 data=0x00000000 | got resp=3 data=0x00000000
[FAIL:wrong_data] cycle 558 #223 P2 T1 FETCH d1=R12 d2=R0 r1=R0 data=0x00000000 | exp resp=1 data=0x0000600d | got resp=1 data=0x0000400c
[FAIL:wrong_resp] cycle 703 #278 P3 T0 STORE d1=R0 d2=R0 r1=R12 data=0x0000600d | exp resp=1 data=0x00000000 | got resp=3 data=0x00000000
[FAIL:wrong_data] cycle 705 #279 P3 T1 FETCH d1=R12 d2=R0 r1=R0 data=0x00000000 | exp resp=1 data=0x0000600d | got resp=1 data=0x0000400c
[FAIL:wrong_resp] cycle 850 #334 P4 T0 STORE d1=R0 d2=R0 r1=R12 data=0x0000600d | exp resp=1 data=0x00000000 | got resp=3 data=0x00000000
[FAIL:wrong_data] cycle 852 #335 P4 T1 FETCH d1=R12 d2=R0 r1=R0 data=0x00000000 | exp resp=1 data=0x0000600d | got resp=1 data=0x0000400c
[TEST] hazards: cross-port same-cycle RAW, back-to-back RAW, out-of-order tags
[TEST] random: 3000 constrained-random transactions
[FAIL:wrong_resp] cycle 1334 #672 P4 T2 FETCH d1=R0 d2=R3 r1=R2 data=0x00000000 | exp resp=1 data=0x00000000 | got resp=3 data=0x00000000
[FAIL:wrong_resp] cycle 1985 #1373 P4 T2 SHR d1=R1 d2=R0 r1=R6 data=0xcb69432c | exp resp=1 data=0x00000000 | got resp=3 data=0x00000000
[FAIL:wrong_resp] cycle 2296 #1689 P2 T3 ADD d1=R1 d2=R4 r1=R1 data=0xe992ee7c | exp resp=2 data=0x00000000 | got resp=3 data=0x00000000
[FAIL:wrong_resp] cycle 2673 #2013 P1 T0 BZ d1=R0 d2=R2 r1=R3 data=0xcb32836a | exp resp=1 data=0x00000000 | got resp=3 data=0x00000000
--------------------------------------------------------------
 checked=3538 pass=3526 fail=12  coverage=100.0%
 RESULT: FAIL
@@SUMMARY {"design":"calc3","test":"regress","bug":7,"checked":3538,"pass":3526,"fail":12,"spurious":0,"coverage":100.00,"cov":{ "cmd_x_port":[32,32],"tag_x_port":[16,16],"registers_rd_wr":[32,32],"branch_taken_not":[4,4],"skipped_cmd_kind":[8,8],"outstanding_depth":[16,16],"out_of_order_x_port":[4,4],"hazard_cross_port":[1,1],"hazard_back_to_back":[1,1],"ovf_unf_x_port":[8,8],"invalid_cmd":[1,1]},"fail_kinds":{"wrong_data":4,"wrong_resp":8},"fail_cmds":{"ADD":1,"BZ":1,"FETCH":5,"SHR":1,"STORE":4},"first_fail":"[FAIL:wrong_resp] cycle 409 #166 P1 T2 STORE d1=R0 d2=R0 r1=R12 data=0x0000600d | exp resp=1 data=0x00000000 | got resp=3 data=0x00000000"}
- tb/calc3/calc3_tb_top.sv:69: Verilog $finish
- S i m u l a t i o n   R e p o r t: Verilator 5.052 2026-09-05
- Verilator: $finish at 170us; walltime 94.432 s; speed 1.796 us/s
- Verilator: cpu 2.155 s on 1 threads; allocated 5 MB
