==============================================================
 Calc3 verification  test=regress  BUG=3
==============================================================
[TEST] smoke: store/fetch all registers from all ports, basic ALU ops
[TEST] directed: overflow, underflow, shifts, branches, skip side-effects, invalid
[FAIL:wrong_data] cycle 386 #156 P1 T0 FETCH d1=R9 d2=R0 r1=R0 data=0x00000000 | exp resp=1 data=0x0000aaaa | got resp=1 data=0x00000bad
[FAIL:wrong_data] cycle 401 #162 P1 T2 FETCH d1=R9 d2=R0 r1=R0 data=0x00000000 | exp resp=1 data=0x0000c0de | got resp=1 data=0x00000002
[FAIL:wrong_data] cycle 453 #188 P1 T0 FETCH d1=R14 d2=R0 r1=R0 data=0x00000000 | exp resp=1 data=0x0000400e | got resp=1 data=0x00007777
[FAIL:wrong_data] cycle 533 #212 P2 T2 FETCH d1=R9 d2=R0 r1=R0 data=0x00000000 | exp resp=1 data=0x0000aaaa | got resp=1 data=0x00000bad
[FAIL:wrong_data] cycle 548 #218 P2 T0 FETCH d1=R9 d2=R0 r1=R0 data=0x00000000 | exp resp=1 data=0x0000c0de | got resp=1 data=0x00000002
[FAIL:wrong_data] cycle 600 #244 P2 T2 FETCH d1=R14 d2=R0 r1=R0 data=0x00000000 | exp resp=1 data=0x0000400e | got resp=1 data=0x00007777
[FAIL:wrong_data] cycle 680 #268 P3 T2 FETCH d1=R9 d2=R0 r1=R0 data=0x00000000 | exp resp=1 data=0x0000aaaa | got resp=1 data=0x00000bad
[FAIL:wrong_data] cycle 695 #274 P3 T0 FETCH d1=R9 d2=R0 r1=R0 data=0x00000000 | exp resp=1 data=0x0000c0de | got resp=1 data=0x00000002
[FAIL:wrong_data] cycle 747 #300 P3 T2 FETCH d1=R14 d2=R0 r1=R0 data=0x00000000 | exp resp=1 data=0x0000400e | got resp=1 data=0x00007777
[FAIL:wrong_data] cycle 827 #324 P4 T2 FETCH d1=R9 d2=R0 r1=R0 data=0x00000000 | exp resp=1 data=0x0000aaaa | got resp=1 data=0x00000bad
[FAIL:wrong_data] cycle 842 #330 P4 T0 FETCH d1=R9 d2=R0 r1=R0 data=0x00000000 | exp resp=1 data=0x0000c0de | got resp=1 data=0x00000002
[FAIL:wrong_data] cycle 894 #356 P4 T2 FETCH d1=R14 d2=R0 r1=R0 data=0x00000000 | exp resp=1 data=0x0000400e | got resp=1 data=0x00007777
[TEST] hazards: cross-port same-cycle RAW, back-to-back RAW, out-of-order tags
[TEST] random: 3000 constrained-random transactions
[FAIL:wrong_resp] cycle 1428 #757 P4 T0 SUB d1=R3 d2=R0 r1=R2 data=0x00000009 | exp resp=2 data=0x00000000 | got resp=1 data=0x00000000
[FAIL:wrong_data] cycle 1471 #842 P1 T3 FETCH d1=R1 d2=R3 r1=R1 data=0x9597b347 | exp resp=1 data=0x00000000 | got resp=1 data=0x00000017
[FAIL:wrong_data] cycle 1491 #824 P4 T0 FETCH d1=R3 d2=R3 r1=R3 data=0xc1ab32c6 | exp resp=1 data=0x58997750 | got resp=1 data=0xa8000000
[FAIL:wrong_data] cycle 1496 #861 P1 T3 FETCH d1=R2 d2=R4 r1=R3 data=0x00000008 | exp resp=1 data=0x58997750 | got resp=1 data=0xa8000000
[FAIL:wrong_data] cycle 1510 #881 P1 T2 FETCH d1=R1 d2=R1 r1=R3 data=0x00000018 | exp resp=1 data=0x57e2e237 | got resp=1 data=0xa7496ae7
[FAIL:wrong_data] cycle 1518 #859 P4 T1 FETCH d1=R1 d2=R6 r1=R4 data=0x80000000 | exp resp=1 data=0x57e2e237 | got resp=1 data=0xa7496ae7
[FAIL:wrong_data] cycle 1569 #917 P4 T3 FETCH d1=R11 d2=R11 r1=R0 data=0x80000000 | exp resp=1 data=0xbf2f749e | got resp=1 data=0x8090001e
[FAIL:wrong_data] cycle 1613 #996 P3 T0 FETCH d1=R9 d2=R8 r1=R11 data=0xffffffff | exp resp=1 data=0xbf2f7480 | got resp=1 data=0x80900000
[FAIL:wrong_data] cycle 1614 #959 P4 T1 FETCH d1=R2 d2=R0 r1=R1 data=0x8c795d69 | exp resp=1 data=0xe789b60d | got resp=1 data=0x0000001f
[FAIL:wrong_data] cycle 1723 #1079 P4 T3 FETCH d1=R1 d2=R8 r1=R10 data=0x0000000e | exp resp=1 data=0x90dadd72 | got resp=1 data=0x29b2e745
[FAIL:wrong_data] cycle 1741 #1134 P2 T1 FETCH d1=R1 d2=R0 r1=R0 data=0xafa713a8 | exp resp=1 data=0x00000000 | got resp=1 data=0x00000600
[FAIL:wrong_resp] cycle 1750 #1133 P3 T3 ADD d1=R1 d2=R1 r1=R1 data=0x00000018 | exp resp=3 data=0x00000000 | got resp=1 data=0x00000000
[FAIL:wrong_data] cycle 1988 #1360 P3 T0 FETCH d1=R2 d2=R3 r1=R1 data=0x492a8a90 | exp resp=1 data=0x00000000 | got resp=1 data=0x000001ea
[FAIL] ... further failures counted but not printed
--------------------------------------------------------------
 checked=3538 pass=3438 fail=100  coverage=100.0%
 RESULT: FAIL
@@SUMMARY {"design":"calc3","test":"regress","bug":3,"checked":3538,"pass":3438,"fail":100,"spurious":0,"coverage":100.00,"cov":{ "cmd_x_port":[32,32],"tag_x_port":[16,16],"registers_rd_wr":[32,32],"branch_taken_not":[4,4],"skipped_cmd_kind":[8,8],"outstanding_depth":[16,16],"out_of_order_x_port":[4,4],"hazard_cross_port":[1,1],"hazard_back_to_back":[1,1],"ovf_unf_x_port":[8,8],"invalid_cmd":[1,1]},"fail_kinds":{"wrong_data":67,"wrong_resp":33},"fail_cmds":{"ADD":17,"FETCH":68,"SHR":1,"STORE":1,"SUB":13},"first_fail":"[FAIL:wrong_data] cycle 386 #156 P1 T0 FETCH d1=R9 d2=R0 r1=R0 data=0x00000000 | exp resp=1 data=0x0000aaaa | got resp=1 data=0x00000bad"}
- tb/calc3/calc3_tb_top.sv:69: Verilog $finish
- S i m u l a t i o n   R e p o r t: Verilator 5.052 2026-09-05
- Verilator: $finish at 168us; walltime 98.787 s; speed 1.704 us/s
- Verilator: cpu 1.818 s on 1 threads; allocated 5 MB
