==============================================================
 Calc1 verification  test=regress  BUG=1
==============================================================
[TEST] smoke: test-plan TC1..TC4 on all ports
[TEST] directed: boundaries, shifts 0..31, invalid opcodes, walking ones
[FAIL:wrong_data] #21 P1 SUB op1=0x000004d2 op2=0x000004d2 | exp resp=1 data=0x00000000 | got resp=01 data=0x00000010 (lat 7)
[FAIL:wrong_data] #104 P1 ADD op1=0x00000100 op2=0x00000010 | exp resp=1 data=0x00000110 | got resp=01 data=0x00000100 (lat 7)
[TEST] priority: simultaneous requests to the same unit
[TEST] random: 2000 constrained-random transactions
[FAIL:wrong_data] #647 P1 ADD op1=0x3592b1d9 op2=0xaaa49397 | exp resp=1 data=0xe0374570 | got resp=01 data=0xe0374560 (lat 7)
[FAIL:wrong_data] #661 P1 SUB op1=0xd9d28929 op2=0x00000016 | exp resp=1 data=0xd9d28913 | got resp=01 data=0xd9d28923 (lat 7)
[FAIL:wrong_data] #667 P1 ADD op1=0x5441a53e op2=0x00000010 | exp resp=1 data=0x5441a54e | got resp=01 data=0x5441a53e (lat 7)
[FAIL:wrong_data] #678 P1 SUB op1=0x109ff5a1 op2=0x0000001e | exp resp=1 data=0x109ff583 | got resp=01 data=0x109ff593 (lat 7)
[FAIL:wrong_data] #698 P1 SUB op1=0xd35d964d op2=0x00000016 | exp resp=1 data=0xd35d9637 | got resp=01 data=0xd35d9647 (lat 7)
[FAIL:wrong_data] #721 P1 ADD op1=0xacf0ae93 op2=0x00000019 | exp resp=1 data=0xacf0aeac | got resp=01 data=0xacf0ae9c (lat 7)
[FAIL:wrong_data] #738 P1 SUB op1=0x3388af6e op2=0x00000015 | exp resp=1 data=0x3388af59 | got resp=01 data=0x3388af69 (lat 7)
[FAIL:wrong_data] #745 P1 SUB op1=0xb764f04f op2=0x0000001e | exp resp=1 data=0xb764f031 | got resp=01 data=0xb764f041 (lat 7)
[FAIL:wrong_data] #816 P1 ADD op1=0x0876817b op2=0x3473829f | exp resp=1 data=0x3cea041a | got resp=01 data=0x3cea040a (lat 7)
[FAIL:wrong_data] #828 P1 ADD op1=0x00000001 op2=0x04e564d1 | exp resp=1 data=0x04e564d2 | got resp=01 data=0x04e564c2 (lat 7)
[FAIL:wrong_data] #861 P1 ADD op1=0x847b973e op2=0x00000014 | exp resp=1 data=0x847b9752 | got resp=01 data=0x847b9742 (lat 7)
[FAIL:wrong_data] #869 P1 SUB op1=0x36e9326c op2=0x0000001e | exp resp=1 data=0x36e9324e | got resp=01 data=0x36e9325e (lat 7)
[FAIL:wrong_data] #885 P1 SUB op1=0x856d771d op2=0x0000001d | exp resp=1 data=0x856d7700 | got resp=01 data=0x856d7710 (lat 7)
[FAIL:wrong_data] #887 P1 ADD op1=0x5a150b0b op2=0x00000012 | exp resp=1 data=0x5a150b1d | got resp=01 data=0x5a150b0d (lat 7)
[FAIL:wrong_data] #917 P1 SUB op1=0x164c5682 op2=0x0000001c | exp resp=1 data=0x164c5666 | got resp=01 data=0x164c5676 (lat 7)
[FAIL:wrong_data] #942 P1 ADD op1=0x0000000b op2=0x0f094f1a | exp resp=1 data=0x0f094f25 | got resp=01 data=0x0f094f15 (lat 7)
[FAIL:wrong_data] #944 P1 ADD op1=0x6e12f109 op2=0x00000016 | exp resp=1 data=0x6e12f11f | got resp=01 data=0x6e12f10f (lat 7)
[FAIL:wrong_data] #952 P1 ADD op1=0x69978b0d op2=0x0000001c | exp resp=1 data=0x69978b29 | got resp=01 data=0x69978b19 (lat 7)
[FAIL:wrong_data] #983 P1 SUB op1=0x9eb84cf0 op2=0x0000001c | exp resp=1 data=0x9eb84cd4 | got resp=01 data=0x9eb84ce4 (lat 7)
[FAIL:wrong_data] #991 P1 SUB op1=0x814c7908 op2=0x00000011 | exp resp=1 data=0x814c78f7 | got resp=01 data=0x814c7907 (lat 7)
[FAIL:wrong_data] #1065 P1 ADD op1=0x95056eac op2=0x0000001f | exp resp=1 data=0x95056ecb | got resp=01 data=0x95056ebb (lat 7)
[FAIL:wrong_data] #1110 P1 ADD op1=0x22d6b769 op2=0x00000010 | exp resp=1 data=0x22d6b779 | got resp=01 data=0x22d6b769 (lat 7)
[FAIL:wrong_data] #1264 P1 SUB op1=0x27c1f228 op2=0x00000014 | exp resp=1 data=0x27c1f214 | got resp=01 data=0x27c1f224 (lat 7)
[FAIL] ... further failures counted but not printed
--------------------------------------------------------------
 checked=2640 pass=2570 fail=70 spurious=0  coverage=100.0%
 RESULT: FAIL
@@SUMMARY {"design":"calc1","test":"regress","bug":1,"checked":2640,"pass":2570,"fail":70,"spurious":0,"coverage":100.00,"cov":{ "cmd_x_port":[16,16],"invalid_opcodes":[11,11],"operand_classes":[10,10],"shift_amounts":[64,64],"ovf_unf_x_port":[8,8],"sub_equal":[1,1],"add_walking_one_op2":[32,32],"concurrency_1to4":[4,4],"responses":[6,6]},"fail_kinds":{"wrong_data":69,"wrong_resp":1},"fail_cmds":{"ADD":36,"SUB":34},"first_fail":"[FAIL:wrong_data] #21 P1 SUB op1=0x000004d2 op2=0x000004d2 | exp resp=1 data=0x00000000 | got resp=01 data=0x00000010 (lat 7)"}
- tb/calc1/calc1_tb_top.sv:75: Verilog $finish
- S i m u l a t i o n   R e p o r t: Verilator 5.052 2026-09-05
- Verilator: $finish at 507us; walltime 74.980 s; speed 6.763 us/s
- Verilator: cpu 2.391 s on 1 threads; allocated 5 MB
