# Error (SUB):          0 -          0 =          0, but calculator output is          x
# Error (SUB):          0 -          1 = 4294967295, but calculator output is          0
# Error (SUB):          0 -          2 = 4294967294, but calculator output is          x
# Error (SUB):          0 -          3 = 4294967293, but calculator output is          0
# Error (SUB):          0 -          4 = 4294967292, but calculator output is          0
# Error (SUB):          0 -          5 = 4294967291, but calculator output is          0
# Error (SUB):          0 -          6 = 4294967290, but calculator output is          0
# Error (SUB):          0 -          7 = 4294967289, but calculator output is          0
# Error (SUB):          0 -          8 = 4294967288, but calculator output is          0
# Error (SUB):          0 -          9 = 4294967287, but calculator output is          0
# Error (SUB):          0 -         10 = 4294967286, but calculator output is          0
# Error (SUB):          1 -          0 =          1, but calculator output is          0
# Correct (SUB):          1 -          1 =          0
# Error (SUB):          1 -          2 = 4294967295, but calculator output is          0
# Error (SUB):          1 -          3 = 4294967294, but calculator output is          0
# Error (SUB):          1 -          4 = 4294967293, but calculator output is          0
# Error (SUB):          1 -          5 = 4294967292, but calculator output is          0
# Error (SUB):          1 -          6 = 4294967291, but calculator output is          0
# Error (SUB):          1 -          7 = 4294967290, but calculator output is          0
# Error (SUB):          1 -          8 = 4294967289, but calculator output is          0
# Error (SUB):          1 -          9 = 4294967288, but calculator output is          0
# Error (SUB):          1 -         10 = 4294967287, but calculator output is          0
# Error (SUB):          2 -          0 =          2, but calculator output is          0
# Error (SUB):          2 -          1 =          1, but calculator output is          0
# Correct (SUB):          2 -          2 =          0
# Error (SUB):          2 -          3 = 4294967295, but calculator output is          0
# Error (SUB):          2 -          4 = 4294967294, but calculator output is          0
# Error (SUB):          2 -          5 = 4294967293, but calculator output is          0
# Error (SUB):          2 -          6 = 4294967292, but calculator output is          0
# Error (SUB):          2 -          7 = 4294967291, but calculator output is          0
# Error (SUB):          2 -          8 = 4294967290, but calculator output is          0
# Error (SUB):          2 -          9 = 4294967289, but calculator output is          0
# Error (SUB):          2 -         10 = 4294967288, but calculator output is          0
# Error (SUB):          3 -          0 =          3, but calculator output is          0
# Error (SUB):          3 -          1 =          2, but calculator output is          0
# Error (SUB):          3 -          2 =          1, but calculator output is          0
# Correct (SUB):          3 -          3 =          0
# Error (SUB):          3 -          4 = 4294967295, but calculator output is          0
# Error (SUB):          3 -          5 = 4294967294, but calculator output is          0
# Error (SUB):          3 -          6 = 4294967293, but calculator output is          0
# Error (SUB):          3 -          7 = 4294967292, but calculator output is          0
# Error (SUB):          3 -          8 = 4294967291, but calculator output is          0
# Error (SUB):          3 -          9 = 4294967290, but calculator output is          0
# Error (SUB):          3 -         10 = 4294967289, but calculator output is          0
# Error (SUB):          4 -          0 =          4, but calculator output is          0
# Error (SUB):          4 -          1 =          3, but calculator output is          0
# Error (SUB):          4 -          2 =          2, but calculator output is          0
# Error (SUB):          4 -          3 =          1, but calculator output is          0
# Correct (SUB):          4 -          4 =          0
# Error (SUB):          4 -          5 = 4294967295, but calculator output is          0
# Error (SUB):          4 -          6 = 4294967294, but calculator output is          0
# Error (SUB):          4 -          7 = 4294967293, but calculator output is          0
# Error (SUB):          4 -          8 = 4294967292, but calculator output is          0
# Error (SUB):          4 -          9 = 4294967291, but calculator output is          0
# Error (SUB):          4 -         10 = 4294967290, but calculator output is          0
# Error (SUB):          5 -          0 =          5, but calculator output is          0
# Error (SUB):          5 -          1 =          4, but calculator output is          0
# Error (SUB):          5 -          2 =          3, but calculator output is          0
# Error (SUB):          5 -          3 =          2, but calculator output is          0
# Error (SUB):          5 -          4 =          1, but calculator output is          0
# Correct (SUB):          5 -          5 =          0
# Error (SUB):          5 -          6 = 4294967295, but calculator output is          0
# Error (SUB):          5 -          7 = 4294967294, but calculator output is          0
# Error (SUB):          5 -          8 = 4294967293, but calculator output is          0
# Error (SUB):          5 -          9 = 4294967292, but calculator output is          0
# Error (SUB):          5 -         10 = 4294967291, but calculator output is          0
# Error (SUB):          6 -          0 =          6, but calculator output is          0
# Error (SUB):          6 -          1 =          5, but calculator output is          0
# Error (SUB):          6 -          2 =          4, but calculator output is          0
# Error (SUB):          6 -          3 =          3, but calculator output is          0
# Error (SUB):          6 -          4 =          2, but calculator output is          0
# Error (SUB):          6 -          5 =          1, but calculator output is          0
# Correct (SUB):          6 -          6 =          0
# Error (SUB):          6 -          7 = 4294967295, but calculator output is          0
# Error (SUB):          6 -          8 = 4294967294, but calculator output is          0
# Error (SUB):          6 -          9 = 4294967293, but calculator output is          0
# Error (SUB):          6 -         10 = 4294967292, but calculator output is          0
# Error (SUB):          7 -          0 =          7, but calculator output is          0
# Error (SUB):          7 -          1 =          6, but calculator output is          0
# Error (SUB):          7 -          2 =          5, but calculator output is          0
# Error (SUB):          7 -          3 =          4, but calculator output is          0
# Error (SUB):          7 -          4 =          3, but calculator output is          0
# Error (SUB):          7 -          5 =          2, but calculator output is          0
# Error (SUB):          7 -          6 =          1, but calculator output is          0
# Correct (SUB):          7 -          7 =          0
# Error (SUB):          7 -          8 = 4294967295, but calculator output is          0
# Error (SUB):          7 -          9 = 4294967294, but calculator output is          0
# Error (SUB):          7 -         10 = 4294967293, but calculator output is          0
# Error (SUB):          8 -          0 =          8, but calculator output is          0
# Error (SUB):          8 -          1 =          7, but calculator output is          0
# Error (SUB):          8 -          2 =          6, but calculator output is          0
# Error (SUB):          8 -          3 =          5, but calculator output is          0
# Error (SUB):          8 -          4 =          4, but calculator output is          0
# Error (SUB):          8 -          5 =          3, but calculator output is          0
# Error (SUB):          8 -          6 =          2, but calculator output is          0
# Error (SUB):          8 -          7 =          1, but calculator output is          0
# Correct (SUB):          8 -          8 =          0
# Error (SUB):          8 -          9 = 4294967295, but calculator output is          0
# Error (SUB):          8 -         10 = 4294967294, but calculator output is          0
# Error (SUB):          9 -          0 =          9, but calculator output is          0
# Error (SUB):          9 -          1 =          8, but calculator output is          0
# Error (SUB):          9 -          2 =          7, but calculator output is          0
# Error (SUB):          9 -          3 =          6, but calculator output is          0
# Error (SUB):          9 -          4 =          5, but calculator output is          0
# Error (SUB):          9 -          5 =          4, but calculator output is          0
# Error (SUB):          9 -          6 =          3, but calculator output is          0
# Error (SUB):          9 -          7 =          2, but calculator output is          0
# Error (SUB):          9 -          8 =          1, but calculator output is          0
# Correct (SUB):          9 -          9 =          0
# Error (SUB):          9 -         10 = 4294967295, but calculator output is          0
# Error (SUB):         10 -          0 =         10, but calculator output is          0
# Error (SUB):         10 -          1 =          9, but calculator output is          0
# Error (SUB):         10 -          2 =          8, but calculator output is          0
# Error (SUB):         10 -          3 =          7, but calculator output is          0
# Error (SUB):         10 -          4 =          6, but calculator output is          0
# Error (SUB):         10 -          5 =          5, but calculator output is          0
# Error (SUB):         10 -          6 =          4, but calculator output is          0
# Error (SUB):         10 -          7 =          3, but calculator output is          0
# Error (SUB):         10 -          8 =          2, but calculator output is          0
# Error (SUB):         10 -          9 =          1, but calculator output is          0
# Correct (SUB):         10 -         10 =          0
# Correct results:          10
# Error results:         111
# Underflow results:           0
# No Response:         120